// Jest Snapshot v1, https://goo.gl/fbAQLP

exports[`Card will match the Card Snapshot 1`] = `
<section
  className="card"
>
  <div
    className="card__content"
  >
    <div
      className="card__content-text"
    >
      succumb sob suffer
    </div>
    <div
      className="card__content-emoji"
    >
      ðŸ’©
    </div>
  </div>
  <div
    className="card__tools"
  >
    <button
      className="card__tools-button"
      onClick={[Function]}
    >
      Edit
    </button>
    <button
      className="card__tools-button"
      onClick={[Function]}
    >
      X
    </button>
  </div>
</section>
`;
